// Jest Snapshot v1, https://goo.gl/fbAQLP

exports[`renders correctly 1`] = `
<View
  style={
    Object {
      "alignContent": "center",
      "alignItems": "center",
      "flex": 1,
      "height": 1334,
      "justifyContent": "center",
    }
  }
>
  <View
    style={
      Array [
        Object {
          "alignItems": "center",
          "backgroundColor": "rgba(255,255,255, 0.5)",
          "flex": 1,
          "flexDirection": "row",
          "justifyContent": "space-between",
          "left": 0,
          "padding": 16,
          "position": "absolute",
          "right": 0,
        },
        Object {
          "top": 0,
        },
      ]
    }
  >
    <Text
      accessible={true}
      allowFontScaling={true}
      ellipsizeMode="tail"
    >
      Scan a QR Code
    </Text>
  </View>
  <View
    style={
      Array [
        Object {
          "alignItems": "center",
          "backgroundColor": "rgba(255,255,255, 0.5)",
          "flex": 1,
          "flexDirection": "row",
          "justifyContent": "space-between",
          "left": 0,
          "padding": 16,
          "position": "absolute",
          "right": 0,
        },
        Object {
          "bottom": 0,
        },
      ]
    }
  >
    <View>
      <View
        accessibilityComponentType="button"
        accessibilityLabel={undefined}
        accessibilityTraits={
          Array [
            "button",
          ]
        }
        accessible={true}
        collapsable={undefined}
        hasTVPreferredFocus={undefined}
        hitSlop={undefined}
        isTVSelectable={true}
        nativeID={undefined}
        onLayout={undefined}
        onResponderGrant={[Function]}
        onResponderMove={[Function]}
        onResponderRelease={[Function]}
        onResponderTerminate={[Function]}
        onResponderTerminationRequest={[Function]}
        onStartShouldSetResponder={[Function]}
        style={
          Object {
            "opacity": 1,
          }
        }
        testID={undefined}
        tvParallaxProperties={undefined}
      >
        <View
          style={
            Array [
              Object {},
            ]
          }
        >
          <Text
            accessible={true}
            allowFontScaling={true}
            disabled={undefined}
            ellipsizeMode="tail"
            style={
              Array [
                Object {
                  "color": "#007AFF",
                  "fontSize": 18,
                  "padding": 8,
                  "textAlign": "center",
                },
              ]
            }
          >
            Abort
          </Text>
        </View>
      </View>
    </View>
  </View>
</View>
`;
