// Jest Snapshot v1, https://goo.gl/fbAQLP

exports[`renders a public key correctly 1`] = `
<View
  style={
    Object {
      "alignSelf": "center",
    }
  }
>
  <Text
    accessible={true}
    allowFontScaling={true}
    ellipsizeMode="tail"
    numberOfLines={7}
    style={
      Object {
        "fontSize": 24,
      }
    }
  >
    <Text
      accessible={true}
      allowFontScaling={true}
      ellipsizeMode="tail"
      style={
        Object {
          "fontFamily": "Courier",
          "fontSize": 30,
          "fontWeight": "bold",
          "letterSpacing": 5,
        }
      }
    >
      GC
      
    </Text>
    <Text
      accessible={true}
      allowFontScaling={true}
      ellipsizeMode="tail"
      style={
        Object {
          "fontFamily": "Courier",
          "fontSize": 30,
          "letterSpacing": 5,
        }
      }
    >
      HS
      
    </Text>
    <Text
      accessible={true}
      allowFontScaling={true}
      ellipsizeMode="tail"
      style={
        Object {
          "fontFamily": "Courier",
          "fontSize": 30,
          "fontWeight": "bold",
          "letterSpacing": 5,
        }
      }
    >
      UH
      
    </Text>
    <Text
      accessible={true}
      allowFontScaling={true}
      ellipsizeMode="tail"
      style={
        Object {
          "fontFamily": "Courier",
          "fontSize": 30,
          "letterSpacing": 5,
        }
      }
    >
      OK
      

    </Text>
    <Text
      accessible={true}
      allowFontScaling={true}
      ellipsizeMode="tail"
      style={
        Object {
          "fontFamily": "Courier",
          "fontSize": 30,
          "fontWeight": "bold",
          "letterSpacing": 5,
        }
      }
    >
      NZ
      
    </Text>
    <Text
      accessible={true}
      allowFontScaling={true}
      ellipsizeMode="tail"
      style={
        Object {
          "fontFamily": "Courier",
          "fontSize": 30,
          "letterSpacing": 5,
        }
      }
    >
      QA
      
    </Text>
    <Text
      accessible={true}
      allowFontScaling={true}
      ellipsizeMode="tail"
      style={
        Object {
          "fontFamily": "Courier",
          "fontSize": 30,
          "fontWeight": "bold",
          "letterSpacing": 5,
        }
      }
    >
      KT
      
    </Text>
    <Text
      accessible={true}
      allowFontScaling={true}
      ellipsizeMode="tail"
      style={
        Object {
          "fontFamily": "Courier",
          "fontSize": 30,
          "letterSpacing": 5,
        }
      }
    >
      UL
      

    </Text>
    <Text
      accessible={true}
      allowFontScaling={true}
      ellipsizeMode="tail"
      style={
        Object {
          "fontFamily": "Courier",
          "fontSize": 30,
          "fontWeight": "bold",
          "letterSpacing": 5,
        }
      }
    >
      V5
      
    </Text>
    <Text
      accessible={true}
      allowFontScaling={true}
      ellipsizeMode="tail"
      style={
        Object {
          "fontFamily": "Courier",
          "fontSize": 30,
          "letterSpacing": 5,
        }
      }
    >
      YT
      
    </Text>
    <Text
      accessible={true}
      allowFontScaling={true}
      ellipsizeMode="tail"
      style={
        Object {
          "fontFamily": "Courier",
          "fontSize": 30,
          "fontWeight": "bold",
          "letterSpacing": 5,
        }
      }
    >
      MG
      
    </Text>
    <Text
      accessible={true}
      allowFontScaling={true}
      ellipsizeMode="tail"
      style={
        Object {
          "fontFamily": "Courier",
          "fontSize": 30,
          "letterSpacing": 5,
        }
      }
    >
      5C
      

    </Text>
    <Text
      accessible={true}
      allowFontScaling={true}
      ellipsizeMode="tail"
      style={
        Object {
          "fontFamily": "Courier",
          "fontSize": 30,
          "fontWeight": "bold",
          "letterSpacing": 5,
        }
      }
    >
      KU
      
    </Text>
    <Text
      accessible={true}
      allowFontScaling={true}
      ellipsizeMode="tail"
      style={
        Object {
          "fontFamily": "Courier",
          "fontSize": 30,
          "letterSpacing": 5,
        }
      }
    >
      2N
      
    </Text>
    <Text
      accessible={true}
      allowFontScaling={true}
      ellipsizeMode="tail"
      style={
        Object {
          "fontFamily": "Courier",
          "fontSize": 30,
          "fontWeight": "bold",
          "letterSpacing": 5,
        }
      }
    >
      KE
      
    </Text>
    <Text
      accessible={true}
      allowFontScaling={true}
      ellipsizeMode="tail"
      style={
        Object {
          "fontFamily": "Courier",
          "fontSize": 30,
          "letterSpacing": 5,
        }
      }
    >
      7U
      

    </Text>
    <Text
      accessible={true}
      allowFontScaling={true}
      ellipsizeMode="tail"
      style={
        Object {
          "fontFamily": "Courier",
          "fontSize": 30,
          "fontWeight": "bold",
          "letterSpacing": 5,
        }
      }
    >
      UQ
      
    </Text>
    <Text
      accessible={true}
      allowFontScaling={true}
      ellipsizeMode="tail"
      style={
        Object {
          "fontFamily": "Courier",
          "fontSize": 30,
          "letterSpacing": 5,
        }
      }
    >
      VN
      
    </Text>
    <Text
      accessible={true}
      allowFontScaling={true}
      ellipsizeMode="tail"
      style={
        Object {
          "fontFamily": "Courier",
          "fontSize": 30,
          "fontWeight": "bold",
          "letterSpacing": 5,
        }
      }
    >
      6J
      
    </Text>
    <Text
      accessible={true}
      allowFontScaling={true}
      ellipsizeMode="tail"
      style={
        Object {
          "fontFamily": "Courier",
          "fontSize": 30,
          "letterSpacing": 5,
        }
      }
    >
      T2
      

    </Text>
    <Text
      accessible={true}
      allowFontScaling={true}
      ellipsizeMode="tail"
      style={
        Object {
          "fontFamily": "Courier",
          "fontSize": 30,
          "fontWeight": "bold",
          "letterSpacing": 5,
        }
      }
    >
      JY
      
    </Text>
    <Text
      accessible={true}
      allowFontScaling={true}
      ellipsizeMode="tail"
      style={
        Object {
          "fontFamily": "Courier",
          "fontSize": 30,
          "letterSpacing": 5,
        }
      }
    >
      73
      
    </Text>
    <Text
      accessible={true}
      allowFontScaling={true}
      ellipsizeMode="tail"
      style={
        Object {
          "fontFamily": "Courier",
          "fontSize": 30,
          "fontWeight": "bold",
          "letterSpacing": 5,
        }
      }
    >
      37
      
    </Text>
    <Text
      accessible={true}
      allowFontScaling={true}
      ellipsizeMode="tail"
      style={
        Object {
          "fontFamily": "Courier",
          "fontSize": 30,
          "letterSpacing": 5,
        }
      }
    >
      CR
      

    </Text>
    <Text
      accessible={true}
      allowFontScaling={true}
      ellipsizeMode="tail"
      style={
        Object {
          "fontFamily": "Courier",
          "fontSize": 30,
          "fontWeight": "bold",
          "letterSpacing": 5,
        }
      }
    >
      BI
      
    </Text>
    <Text
      accessible={true}
      allowFontScaling={true}
      ellipsizeMode="tail"
      style={
        Object {
          "fontFamily": "Courier",
          "fontSize": 30,
          "letterSpacing": 5,
        }
      }
    >
      AZ
      
    </Text>
    <Text
      accessible={true}
      allowFontScaling={true}
      ellipsizeMode="tail"
      style={
        Object {
          "fontFamily": "Courier",
          "fontSize": 30,
          "fontWeight": "bold",
          "letterSpacing": 5,
        }
      }
    >
      6L
      
    </Text>
    <Text
      accessible={true}
      allowFontScaling={true}
      ellipsizeMode="tail"
      style={
        Object {
          "fontFamily": "Courier",
          "fontSize": 30,
          "letterSpacing": 5,
        }
      }
    >
      XK
      

    </Text>
  </Text>
</View>
`;
