// Jest Snapshot v1, https://goo.gl/fbAQLP

exports[`renders correctly with type credit 1`] = `
<View
  accessibilityComponentType={undefined}
  accessibilityLabel={undefined}
  accessibilityTraits={undefined}
  accessible={true}
  hasTVPreferredFocus={undefined}
  hitSlop={undefined}
  isTVSelectable={true}
  nativeID={undefined}
  onLayout={undefined}
  onResponderGrant={[Function]}
  onResponderMove={[Function]}
  onResponderRelease={[Function]}
  onResponderTerminate={[Function]}
  onResponderTerminationRequest={[Function]}
  onStartShouldSetResponder={[Function]}
  style={null}
  testID={undefined}
  tvParallaxProperties={undefined}
>
  <View
    style={
      Object {
        "alignItems": "center",
        "backgroundColor": "transparent",
        "borderBottomWidth": 0.5,
        "borderColor": "#c9c9c9",
        "flexDirection": "row",
        "marginLeft": 16,
        "paddingBottom": 13,
        "paddingRight": 16,
        "paddingTop": 13,
      }
    }
    virtual={undefined}
  >
    <View
      style={
        Object {
          "alignItems": "flex-start",
          "alignSelf": "center",
          "flex": 1,
          "flexDirection": "row",
        }
      }
      virtual={undefined}
    >
      <View
        style={Object {}}
        virtual={undefined}
      >
        <Text
          accessible={true}
          allowFontScaling={true}
          ellipsizeMode="tail"
          style={
            Object {
              "color": "#000",
              "fontSize": 27,
              "lineHeight": 32,
            }
          }
          virtual={undefined}
        >
          +
          12.00
        </Text>
        <Text
          accessible={true}
          allowFontScaling={true}
          ellipsizeMode="tail"
          note={true}
          style={
            Object {
              "color": "#a7a7a7",
              "fontFamily": "System",
              "fontSize": 14,
            }
          }
          uppercase={false}
          virtual={undefined}
        >
          2018-05-03T12:00:00Z
        </Text>
      </View>
    </View>
    <View
      style={
        Object {
          "alignItems": "flex-end",
          "alignSelf": "center",
          "flex": 0.28,
          "paddingBottom": null,
          "paddingLeft": null,
          "paddingRight": null,
          "paddingTop": null,
        }
      }
      virtual={undefined}
    />
  </View>
</View>
`;

exports[`renders correctly with type debit 1`] = `
<View
  accessibilityComponentType={undefined}
  accessibilityLabel={undefined}
  accessibilityTraits={undefined}
  accessible={true}
  hasTVPreferredFocus={undefined}
  hitSlop={undefined}
  isTVSelectable={true}
  nativeID={undefined}
  onLayout={undefined}
  onResponderGrant={[Function]}
  onResponderMove={[Function]}
  onResponderRelease={[Function]}
  onResponderTerminate={[Function]}
  onResponderTerminationRequest={[Function]}
  onStartShouldSetResponder={[Function]}
  style={null}
  testID={undefined}
  tvParallaxProperties={undefined}
>
  <View
    style={
      Object {
        "alignItems": "center",
        "backgroundColor": "transparent",
        "borderBottomWidth": 0.5,
        "borderColor": "#c9c9c9",
        "flexDirection": "row",
        "marginLeft": 16,
        "paddingBottom": 13,
        "paddingRight": 16,
        "paddingTop": 13,
      }
    }
    virtual={undefined}
  >
    <View
      style={
        Object {
          "alignItems": "flex-start",
          "alignSelf": "center",
          "flex": 1,
          "flexDirection": "row",
        }
      }
      virtual={undefined}
    >
      <View
        style={Object {}}
        virtual={undefined}
      >
        <Text
          accessible={true}
          allowFontScaling={true}
          ellipsizeMode="tail"
          style={
            Object {
              "color": "#000",
              "fontSize": 27,
              "lineHeight": 32,
            }
          }
          virtual={undefined}
        >
          -
          12.00
        </Text>
        <Text
          accessible={true}
          allowFontScaling={true}
          ellipsizeMode="tail"
          note={true}
          style={
            Object {
              "color": "#a7a7a7",
              "fontFamily": "System",
              "fontSize": 14,
            }
          }
          uppercase={false}
          virtual={undefined}
        >
          2018-05-03T12:00:00Z
        </Text>
      </View>
    </View>
    <View
      style={
        Object {
          "alignItems": "flex-end",
          "alignSelf": "center",
          "flex": 0.28,
          "paddingBottom": null,
          "paddingLeft": null,
          "paddingRight": null,
          "paddingTop": null,
        }
      }
      virtual={undefined}
    />
  </View>
</View>
`;
